Microchip MPLAB XC8 Compiler V2.31

Linker command line:

-W-3 --edf=C:\Program Files\Microchip\xc8\v2.31\pic\dat\en_msgs.txt -cn \
  -h+dist/default/production\pseudopro2.X.production.sym \
  --cmf=dist/default/production\pseudopro2.X.production.cmf -z -Q16F887 \
  -oC:\Users\AlejandroRodriguez\AppData\Local\Temp\sdio.2 \
  --defsym=__MPLAB_BUILD=1 \
  -Mdist/default/production/pseudopro2.X.production.map -E1 \
  -ver=XC8 Compiler --acfsm=1493 -ASTACK=0110h-016Fh -pstack=STACK \
  -ACODE=00h-07FFhx4 -ASTRCODE=00h-01FFFh -ASTRING=00h-0FFhx32 \
  -ACONST=00h-0FFhx32 -AENTRY=00h-0FFhx32 -ACOMMON=070h-07Fh \
  -ABANK0=020h-06Fh -ABANK1=0A0h-0EFh -ABANK2=0110h-016Fh \
  -ABANK3=0190h-01EFh -ARAM=020h-06Fh,0A0h-0EFh,0110h-016Fh,0190h-01EFh \
  -AABS1=020h-07Fh,0A0h-0EFh,0110h-016Fh,0190h-01EFh -ASFR0=00h-01Fh \
  -ASFR1=080h-09Fh -ASFR2=0100h-010Fh -ASFR3=0180h-018Fh \
  -ACONFIG=02007h-02008h -DCONFIG=2 -AIDLOC=02000h-02003h -DIDLOC=2 \
  -AEEDATA=00h-0FFh/02100h -peeprom_data=EEDATA -DEEDATA=2 -DCODE=2 \
  -DSTRCODE=2 -DSTRING=2 -DCONST=2 -DENTRY=2 \
  -preset_vec=00h,intentry=04h,init,end_init -ppowerup=CODE -pcinit=CODE \
  -pfunctab=ENTRY -k C:\Users\AlejandroRodriguez\AppData\Local\Temp\sdio.o \
  dist/default/production\pseudopro2.X.production.o 

Object code version is 3.11

Machine type is 16F887



                Name                               Link     Load   Length Selector   Space Scale
C:\Users\AlejandroRodriguez\AppData\Local\Temp\sdio.o
                end_init                              E        E        3        8       0
                reset_vec                             0        0        3        0       0
                config                             2007     2007        2        0       4
dist/default/production\pseudopro2.X.production.o
                cinit                                11       11       21        8       0
                intentry                              4        4        A        8       0
                config                             2007     2007        2        0       4
                text5                               547      547       97        8       0
                text4                               456      456       F1        8       0
                text3                               61A      61A       15        8       0
                text2                                32       32      214        8       0
                text1                               5DE      5DE       23        8       0
                maintext                            246      246      210        8       0
                cstackBANK0                          45       45        8       20       1
                cstackCOMMON                         70       70        7       70       1
                inittext                            62F      62F       13        8       0
                dataBANK0                            20       20       19       20       1
                bssBANK0                             39       39        C       20       1
                bssCOMMON                            77       77        3       70       1
                idataBANK0                          601      601       19        8       0

TOTAL           Name                               Link     Load   Length     Space
        CLASS   STACK          

        CLASS   CODE           
                end_init                              E        E        3         0
                cinit                                11       11       21         0
                intentry                              4        4        A         0
                reset_vec                             0        0        3         0
                text5                               547      547       97         0
                text4                               456      456       F1         0
                text3                               61A      61A       15         0
                text2                                32       32      214         0
                text1                               5DE      5DE       23         0
                maintext                            246      246      210         0
                inittext                            62F      62F       13         0
                idataBANK0                          601      601       19         0

        CLASS   STRCODE        

        CLASS   STRING         

        CLASS   CONST          

        CLASS   ENTRY          

        CLASS   COMMON         
                cstackCOMMON                         70       70        7         1
                bssCOMMON                            77       77        3         1

        CLASS   BANK0          
                cstackBANK0                          45       45        8         1
                dataBANK0                            20       20       19         1
                bssBANK0                             39       39        C         1

        CLASS   BANK1          

        CLASS   BANK2          

        CLASS   BANK3          

        CLASS   RAM            

        CLASS   ABS1           
                abs_s1                               7E       7E        2         1

        CLASS   SFR0           

        CLASS   SFR1           

        CLASS   SFR2           

        CLASS   SFR3           

        CLASS   CONFIG         
                config                             2007     2007        2         4

        CLASS   IDLOC          

        CLASS   EEDATA         



SEGMENTS        Name                           Load    Length   Top    Selector   Space  Class     Delta

                reset_vec                      000000  000003  000003         0       0  CODE        2
                intentry                       000004  00063E  000642         8       0  CODE        2
                dataBANK0                      000020  00002D  00004D        20       1  BANK0       1
                cstackCOMMON                   000070  00000A  00007A        70       1  COMMON      1


UNUSED ADDRESS RANGES

        Name                Unused          Largest block    Delta
        BANK0            004D-006F             23           1
        BANK1            00A0-00EF             50           1
        BANK2            0110-016F             60           1
        BANK3            0190-01EF             60           1
        CODE             0003-0003              1           2
                         0642-1FFF            800
        COMMON           007A-007D              4           1
        CONST            0003-0003              1           2
                         0642-1FFF            100
        EEDATA           2100-21FF            100           2
        ENTRY            0003-0003              1           2
                         0642-1FFF            100
        IDLOC            2000-2003              4           2
        RAM              004D-006F             23           1
                         00A0-00EF             50
                         0110-016F             60
                         0190-01EF             60
        SFR0             0000-001F             20           1
        SFR1             0080-009F             20           1
        SFR2             0100-010F             10           1
        SFR3             0180-018F             10           1
        STACK            0110-016F             60           1
        STRCODE          0003-0003              1           2
                         0642-1FFF           19BE
        STRING           0003-0003              1           2
                         0642-1FFF            100

                                  Symbol Table

NumIteraciones@ValorPot      cstackCOMMON 0070
_ADCON0bits                  (abs)        001F
_ADCON1bits                  (abs)        009F
_ADD_POT0                    dataBANK0    0034
_ADD_POT1                    dataBANK0    002F
_ADD_POT2                    dataBANK0    002A
_ADD_POT3                    dataBANK0    0025
_ADIF                        (abs)        0066
_ADRESH                      (abs)        001E
_ADRESL                      (abs)        009E
_ANSELH                      (abs)        0189
_ANSELbits                   (abs)        0188
_CCP1CON                     (abs)        0017
_CCP1CONbits                 (abs)        0017
_CCPR1L                      (abs)        0015
_ConTEEPROM                  bssBANK0     003D
_ConTMR1                     bssBANK0     003E
_DC1B1POT3                   dataBANK0    0020
_EEADR                       (abs)        010D
_EECON1bits                  (abs)        018C
_EECON2                      (abs)        018D
_EEDAT                       (abs)        010C
_ENTM0Pot0                   bssCOMMON    0079
_ENTM0Pot1                   bssCOMMON    0078
_ENTM0Pot2                   bssCOMMON    0077
_INTCONbits                  (abs)        000B
_ItPOT0                      bssBANK0     0041
_ItPOT1                      bssBANK0     0040
_ItPOT2                      bssBANK0     003F
_NumIteraciones              text5        0547
_OPTION_REGbits              (abs)        0081
_OSCCONbits                  (abs)        008F
_PC_MN                       bssBANK0     0039
_PIE1bits                    (abs)        008C
_PIR1bits                    (abs)        000C
_PIR2bits                    (abs)        000D
_PORTA                       (abs)        0005
_PORTB                       (abs)        0006
_PORTC                       (abs)        0007
_PORTD                       (abs)        0008
_PORTDbits                   (abs)        0008
_PORTE                       (abs)        0009
_POT0                        bssBANK0     0044
_POT1                        bssBANK0     0043
_POT2                        bssBANK0     0042
_PR2                         (abs)        0092
_RB0                         (abs)        0030
_RB0_old                     bssBANK0     003C
_RB1                         (abs)        0031
_RB1_old                     bssBANK0     003B
_Reading                     bssBANK0     003A
_T0IF                        (abs)        005A
_T1CONbits                   (abs)        0010
_T2CONbits                   (abs)        0012
_TMR0                        (abs)        0001
_TMR1H                       (abs)        000F
_TMR1IF                      (abs)        0060
_TMR1L                       (abs)        000E
_TRISA                       (abs)        0085
_TRISB                       (abs)        0086
_TRISC                       (abs)        0087
_TRISCbits                   (abs)        0087
_TRISD                       (abs)        0088
_TRISE                       (abs)        0089
_WPUBbits                    (abs)        0095
__Habs1                      abs1         0000
__Hbank0                     bank0        0000
__Hbank1                     bank1        0000
__Hbank2                     bank2        0000
__Hbank3                     bank3        0000
__HbssBANK0                  bssBANK0     0000
__HbssCOMMON                 bssCOMMON    0000
__Hcinit                     cinit        0032
__Hclrtext                   clrtext      0000
__Hcode                      code         0000
__Hcommon                    common       0000
__Hconfig                    config       2009
__HcstackBANK0               cstackBANK0  0000
__HcstackCOMMON              cstackCOMMON 0000
__HdataBANK0                 dataBANK0    0000
__Heeprom_data               eeprom_data  0000
__Hend_init                  end_init     0011
__Hfunctab                   functab      0000
__HidataBANK0                idataBANK0   0000
__Hinit                      init         000E
__Hinittext                  inittext     0000
__Hintentry                  intentry     000E
__Hmaintext                  maintext     0000
__Hpowerup                   powerup      0000
__Hram                       ram          0000
__Hreset_vec                 reset_vec    0003
__Hsfr0                      sfr0         0000
__Hsfr1                      sfr1         0000
__Hsfr2                      sfr2         0000
__Hsfr3                      sfr3         0000
__Hspace_0                   (abs)        0642
__Hspace_1                   (abs)        007A
__Hspace_2                   (abs)        0000
__Hspace_3                   (abs)        0000
__Hspace_4                   (abs)        4010
__Hstack                     stack        0000
__Hstrings                   strings      0000
__Htext                      text         0000
__Labs1                      abs1         0000
__Lbank0                     bank0        0000
__Lbank1                     bank1        0000
__Lbank2                     bank2        0000
__Lbank3                     bank3        0000
__LbssBANK0                  bssBANK0     0000
__LbssCOMMON                 bssCOMMON    0000
__Lcinit                     cinit        0011
__Lclrtext                   clrtext      0000
__Lcode                      code         0000
__Lcommon                    common       0000
__Lconfig                    config       0000
__LcstackBANK0               cstackBANK0  0000
__LcstackCOMMON              cstackCOMMON 0000
__LdataBANK0                 dataBANK0    0000
__Leeprom_data               eeprom_data  0000
__Lend_init                  end_init     000E
__Lfunctab                   functab      0000
__LidataBANK0                idataBANK0   0000
__Linit                      init         000E
__Linittext                  inittext     0000
__Lintentry                  intentry     0004
__Lmaintext                  maintext     0000
__Lpowerup                   powerup      0000
__Lram                       ram          0000
__Lreset_vec                 reset_vec    0000
__Lsfr0                      sfr0         0000
__Lsfr1                      sfr1         0000
__Lsfr2                      sfr2         0000
__Lsfr3                      sfr3         0000
__Lspace_0                   (abs)        0000
__Lspace_1                   (abs)        0000
__Lspace_2                   (abs)        0000
__Lspace_3                   (abs)        0000
__Lspace_4                   (abs)        0000
__Lstack                     stack        0000
__Lstrings                   strings      0000
__Ltext                      text         0000
__S0                         (abs)        0642
__S1                         (abs)        007A
__S2                         (abs)        0000
__S3                         (abs)        0000
___int_sp                    stack        0000
___latbits                   (abs)        0002
___sp                        stack        0000
___stackhi                   (abs)        0000
___stacklo                   (abs)        0000
__end_of_NumIteraciones      text5        05DE
__end_of__initialization     cinit        002E
__end_of_isr                 text4        0547
__end_of_main                maintext     0456
__end_of_readFromEEPROM      text3        062F
__end_of_readFromEEPROMPOTS  text2        0246
__end_of_writeToEEPROM       text1        0601
__initialization             cinit        0011
__pbssBANK0                  bssBANK0     0039
__pbssCOMMON                 bssCOMMON    0077
__pcstackBANK0               cstackBANK0  0045
__pcstackCOMMON              cstackCOMMON 0070
__pdataBANK0                 dataBANK0    0020
__pidataBANK0                idataBANK0   0601
__pintentry                  intentry     0004
__pmaintext                  maintext     0246
__ptext1                     text1        05DE
__ptext2                     text2        0032
__ptext3                     text3        061A
__ptext4                     text4        0456
__ptext5                     text5        0547
__size_of_NumIteraciones     (abs)        0000
__size_of_isr                (abs)        0000
__size_of_main               (abs)        0000
__size_of_readFromEEPROM     (abs)        0000
__size_of_readFromEEPROMPOTS (abs)        0000
__size_of_writeToEEPROM      (abs)        0000
_isr                         text4        0456
_main                        maintext     0246
_readFromEEPROM              text3        061A
_readFromEEPROMPOTS          text2        0032
_writeToEEPROM               text1        05DE
btemp                        (abs)        007E
end_of_initialization        cinit        002E
init_fetch0                  inittext     062F
init_ram0                    inittext     0633
interrupt_function           intentry     0004
intlevel0                    functab      0000
intlevel1                    functab      0000
intlevel2                    functab      0000
intlevel3                    functab      0000
intlevel4                    functab      0000
intlevel5                    functab      0000
readFromEEPROM@address       cstackBANK0  0046
readFromEEPROM@data          cstackBANK0  0047
reset_vec                    reset_vec    0000
saved_w                      (abs)        007E
start                        init         000E
start_initialization         cinit        0011
writeToEEPROM@address        cstackBANK0  0045
writeToEEPROM@data           cstackBANK0  0046
wtemp0                       (abs)        007E


FUNCTION INFORMATION:

 *************** function _main *****************
 Defined at:
		line 298 in file "pseudopro2.c"
 Parameters:    Size  Location     Type
		None
 Auto vars:     Size  Location     Type
		None
 Return value:  Size  Location     Type
                  1    wreg      void 
 Registers used:
		wreg, fsr0l, fsr0h, status,2, status,0, pclath, cstack
 Tracked objects:
		On entry : 
		On exit  : 
		Unchanged: 
 Data sizes:     COMMON   BANK0   BANK1   BANK3   BANK2
      Params:         0       0       0       0       0
      Locals:         0       0       0       0       0
      Temps:          0       2       0       0       0
      Totals:         0       2       0       0       0
Total ram usage:        2 bytes
 Hardware stack levels required when called:    4
 This function calls:
		_readFromEEPROMPOTS
		_writeToEEPROM
 This function is called by:
		Startup code after reset
 This function uses a non-reentrant model


 *************** function _writeToEEPROM *****************
 Defined at:
		line 107 in file "pseudopro2.c"
 Parameters:    Size  Location     Type
  data            1    wreg     unsigned char 
  address         1    0[BANK0 ] unsigned char 
 Auto vars:     Size  Location     Type
  data            1    1[BANK0 ] unsigned char 
 Return value:  Size  Location     Type
                  1    wreg      void 
 Registers used:
		wreg
 Tracked objects:
		On entry : 
		On exit  : 
		Unchanged: 
 Data sizes:     COMMON   BANK0   BANK1   BANK3   BANK2
      Params:         0       1       0       0       0
      Locals:         0       1       0       0       0
      Temps:          0       0       0       0       0
      Totals:         0       2       0       0       0
Total ram usage:        2 bytes
 Hardware stack levels used:    1
 Hardware stack levels required when called:    2
 This function calls:
		Nothing
 This function is called by:
		_main
 This function uses a non-reentrant model


 *************** function _readFromEEPROMPOTS *****************
 Defined at:
		line 136 in file "pseudopro2.c"
 Parameters:    Size  Location     Type
		None
 Auto vars:     Size  Location     Type
		None
 Return value:  Size  Location     Type
                  1    wreg      void 
 Registers used:
		wreg, fsr0l, fsr0h, status,2, status,0, pclath, cstack
 Tracked objects:
		On entry : 
		On exit  : 
		Unchanged: 
 Data sizes:     COMMON   BANK0   BANK1   BANK3   BANK2
      Params:         0       0       0       0       0
      Locals:         0       0       0       0       0
      Temps:          0       3       0       0       0
      Totals:         0       3       0       0       0
Total ram usage:        3 bytes
 Hardware stack levels used:    1
 Hardware stack levels required when called:    3
 This function calls:
		_readFromEEPROM
 This function is called by:
		_main
 This function uses a non-reentrant model


 *************** function _readFromEEPROM *****************
 Defined at:
		line 128 in file "pseudopro2.c"
 Parameters:    Size  Location     Type
  address         1    wreg     unsigned char 
 Auto vars:     Size  Location     Type
  address         1    1[BANK0 ] unsigned char 
  data            1    2[BANK0 ] unsigned char 
 Return value:  Size  Location     Type
                  1    wreg      unsigned char 
 Registers used:
		wreg
 Tracked objects:
		On entry : 
		On exit  : 
		Unchanged: 
 Data sizes:     COMMON   BANK0   BANK1   BANK3   BANK2
      Params:         0       0       0       0       0
      Locals:         0       2       0       0       0
      Temps:          0       1       0       0       0
      Totals:         0       3       0       0       0
Total ram usage:        3 bytes
 Hardware stack levels used:    1
 Hardware stack levels required when called:    2
 This function calls:
		Nothing
 This function is called by:
		_readFromEEPROMPOTS
 This function uses a non-reentrant model


 *************** function _isr *****************
 Defined at:
		line 213 in file "pseudopro2.c"
 Parameters:    Size  Location     Type
		None
 Auto vars:     Size  Location     Type
		None
 Return value:  Size  Location     Type
                  1    wreg      void 
 Registers used:
		wreg, fsr0l, fsr0h, status,2, status,0, pclath, cstack
 Tracked objects:
		On entry : 
		On exit  : 
		Unchanged: 
 Data sizes:     COMMON   BANK0   BANK1   BANK3   BANK2
      Params:         0       0       0       0       0
      Locals:         0       0       0       0       0
      Temps:          6       0       0       0       0
      Totals:         6       0       0       0       0
Total ram usage:        6 bytes
 Hardware stack levels used:    1
 Hardware stack levels required when called:    1
 This function calls:
		_NumIteraciones
 This function is called by:
		Interrupt level 1
 This function uses a non-reentrant model


 *************** function _NumIteraciones *****************
 Defined at:
		line 55 in file "pseudopro2.c"
 Parameters:    Size  Location     Type
  ValorPot        1    wreg     unsigned char 
 Auto vars:     Size  Location     Type
  ValorPot        1    0[COMMON] unsigned char 
 Return value:  Size  Location     Type
                  1    wreg      unsigned char 
 Registers used:
		wreg
 Tracked objects:
		On entry : 
		On exit  : 
		Unchanged: 
 Data sizes:     COMMON   BANK0   BANK1   BANK3   BANK2
      Params:         0       0       0       0       0
      Locals:         1       0       0       0       0
      Temps:          0       0       0       0       0
      Totals:         1       0       0       0       0
Total ram usage:        1 bytes
 Hardware stack levels used:    1
 This function calls:
		Nothing
 This function is called by:
		_isr
 This function uses a non-reentrant model



MODULE INFORMATION

Module		Function		Class		Link	Load	Size
shared
		__initialization		CODE           	0011	0000	29

shared estimated size: 29

pseudopro2.c
		_writeToEEPROM 		CODE           	05DE	0000	35
		_readFromEEPROM		CODE           	061A	0000	21
		_main          		CODE           	0246	0000	528
		_readFromEEPROMPOTS		CODE           	0032	0000	532
		_isr           		CODE           	0456	0000	241
		_NumIteraciones		CODE           	0547	0000	151

pseudopro2.c estimated size: 1508

